File "cenum_no_attribute.ml", line 2, characters 2-18:
Error: ppx_cstruct error: invalid cenum attributes
