File "cstruct_attribute_payload.ml", line 2, characters 2-57:
Error: ppx_cstruct error: no attribute payload expected
