File "cstruct_unknown_type.ml", line 3, characters 4-15:
Error: ppx_cstruct error: Unknown type uint9_t
