File "cstruct_duplicate_field.ml", line 2, characters 0-77:
Error: ppx_cstruct error: field x is present several times in this type
